# copies lib/skeleton to <path-to-blog>
# this should edit the blog's config.yml to include [name-of-blog] (prompt for [name-of-blog] if blank)
$ octopress new <path-to-blog> [name-of-blog]
$ cd <path-to-blog>

# copies <plugin-name> into <path-to-blog>/plugins/
$ octopress forkplugin <plugin-name>

# setting the theme is done in the main config file, this command is optional and
# just copies the theme's file into <path-to-blog>/themes/[theme-name] for customizations
# if [theme-name] is blank, default to the currently configured theme
$ octopress forktheme [theme-name]

# turn on local server for development
$ octopress serve

# prepare blog for deployment
$ octopress package

# deploy blog
$ octopress deploy


# blog layout
<path-to-blog>/
|-content/
| `-.gitnotice
|-plugins/ # plugins in this directory override plugins with the same name in the octopress/lib/plugins/ directory
| |-.gitnotice
| `-custom_plugin.rb
|-public/ # compiled files go here. this directory gets created automatically if not present
| |-fonts/
| |-images/
| |-javascripts/
| |-stylesheets/
| |-archive.html
| |-atom.xml
| |-index.html
| `-sitemap.xml
|-themes/ # assuming a conventional naming scheme, any file not found here would be looked for in the theme's parent theme (specified in the config.yml)
| |-.gitnotice
| `-custom/
|   |-_includes/
|   |-_layouts/
|   |-fonts/
|   |-images/
|   |-javascripts/
|   |-sass/
|   |-archive.html
|   |-atom.xml
|   `-index.html
|-config.rb
|-config.yml
|-Gemfile
`-README.markdown


# gem layout
octopress/
|-lib/
| |-skeleton/
| | |-content/
| | | `-.gitnotice
| | |-plugins/
| | | `-.gitnotice
| | |-themes/
| | | `-.gitnotice
| | |-config.rb
| | |-config.yml
| | |-Gemfile
| | `-README.markdown
| |-octopress/
| | |-plugin.rb
| | |-theme.rb
| | `-version.rb
| |-plugins/
| | |-blockquote.rb
| | |-category.rb
| | |-compass_compiler.rb
| | |-custom_filters.rb
| | |-generate_sitemap.rb
| | |-gist_tag.rb
| | |-haml.rb
| | |-iterator.rb
| | |-pygments_cache_patch.rb
| | `-titlecase.rb
| |-themes/
| | `-classic/
| |   |-_includes/
| |   |-_layouts/
| |   |-fonts/
| |   |-images/
| |   |-javascripts/
| |   |-sass/
| |   |-archive.html
| |   |-atom.xml
| |   `-index.html
| `-octopress.rb
|-pkg/
|-Gemfile
|-Rakefile
|-README.markdown
`-octopress.gemspec
